// Vitest Snapshot v1, https://vitest.dev/guide/snapshot.html

exports[`Mount component 1`] = `"<ul data-v-ff20e609="" class="v-list" role="group"></ul>"`;
