// Vitest Snapshot v1, https://vitest.dev/guide/snapshot.html

exports[`Mount component 1`] = `
"<div data-v-6a3718b7="" class="v-textarea full-width has-content">
  <!--v-if--><textarea data-v-6a3718b7="" value="This is the first paragraph.
This is the second one."></textarea>
  <!--v-if-->
</div>"
`;
