// Vitest Snapshot v1, https://vitest.dev/guide/snapshot.html

exports[`Mount component 1`] = `
"<div data-v-c965220a="" class="v-workspace" style="inline-size: 480px; block-size: 280px;">
  <div data-v-c965220a="" class="workspace" style="transform: scale(1); inline-size: 480px; block-size: 280px;">
    <v-workspace-tile-stub data-v-c965220a="" id="1" x="1" y="1" width="10" height="10" name="My Tile 1" edit-mode="false" resizable="true"></v-workspace-tile-stub>
    <v-workspace-tile-stub data-v-c965220a="" id="2" x="15" y="5" width="10" height="10" name="My Tile 2" edit-mode="false" resizable="true"></v-workspace-tile-stub>
  </div>
</div>"
`;
